
> smartlock-web@1.0.0 test:coverage
> jest --coverage

node.exe : FAIL __tests__/auth.test.js (62.261 s)
En línea: 1 Carácter: 1
+ & "C:\Program Files\nodejs/node.exe" "C:\Program Files\nodejs/node_mo ...
+ ~~~~~~~~~~~~~~~~~~~~~~~~~~~~~~~~~~~~~~~~~~~~~~~~~~~~~~~~~~~~~~~~~~~~~
    + CategoryInfo          : NotSpecified: (FAIL __tests__/auth.test.js (62.2 
   61 s):String) [], RemoteException
    + FullyQualifiedErrorId : NativeCommandError
 
  Auth Routes
    POST /api/register
      ÔêÜ deber├¡a registrar un nuevo usuario correctamente (228 ms)
      ÔêÜ deber├¡a rechazar si faltan campos requeridos (35 ms)
      ÔêÜ deber├¡a rechazar email vac├¡o (19 ms)
      ÔêÜ deber├¡a rechazar usuario con email duplicado (127 ms)
      ÔêÜ deber├¡a hashear la contrase├▒a antes de guardar (95 ms)
      ÔêÜ deber├¡a crear sesi├│n con token (106 ms)
    POST /api/login
      ├ù deber├¡a hacer login con credenciales correctas (20110 ms)
      ÔêÜ deber├¡a rechazar si faltan credenciales (97 ms)
      ÔêÜ deber├¡a rechazar usuario inexistente (117 ms)
      ÔêÜ deber├¡a rechazar contrase├▒a incorrecta (219 ms)
      ├ù deber├¡a crear nueva sesi├│n en cada login (20109 ms)
      ├ù deber├¡a incluir expiraci├│n en la sesi├│n (20164 ms)
    POST /api/open-with-qr
      ÔêÜ deber├¡a rechazar si faltan userId o token (22 ms)
      ÔêÜ deber├¡a rechazar token inv├ílido (35 ms)

  ÔùÅ Auth Routes ÔÇ║ POST /api/login ÔÇ║ deber├¡a hacer login con 
credenciales correctas

    thrown: "Exceeded timeout of 20000 ms for a test.
    Add a timeout value to this test to increase the timeout, if this is a 
long-running test. See https://jestjs.io/docs/api#testname-fn-timeout."

    [0m [90m 158 |[39m     })[33m;[39m
     [90m 159 |[39m
    [31m[1m>[22m[39m[90m 160 |[39m     it([32m'deber├¡a hacer login con 
credenciales correctas'[39m[33m,[39m [36masync[39m () [33m=>[39m {
     [90m     |[39m     [31m[1m^[22m[39m
     [90m 161 |[39m       [36mconst[39m response [33m=[39m 
[36mawait[39m request(app)
     [90m 162 |[39m         [33m.[39mpost([32m'/api/login'[39m)
     [90m 163 |[39m         [33m.[39msend({[0m

      at it (__tests__/auth.test.js:160:5)
      at describe (__tests__/auth.test.js:140:3)
      at Object.describe (__tests__/auth.test.js:14:1)

  ÔùÅ Auth Routes ÔÇ║ POST /api/login ÔÇ║ deber├¡a crear nueva sesi├│n en cada 
login

    thrown: "Exceeded timeout of 20000 ms for a test.
    Add a timeout value to this test to increase the timeout, if this is a 
long-running test. See https://jestjs.io/docs/api#testname-fn-timeout."

    [0m [90m 210 |[39m     })[33m;[39m
     [90m 211 |[39m
    [31m[1m>[22m[39m[90m 212 |[39m     it([32m'deber├¡a crear nueva 
sesi├│n en cada login'[39m[33m,[39m [36masync[39m () [33m=>[39m {
     [90m     |[39m     [31m[1m^[22m[39m
     [90m 213 |[39m       [36mconst[39m firstLogin [33m=[39m 
[36mawait[39m request(app)
     [90m 214 |[39m         [33m.[39mpost([32m'/api/login'[39m)
     [90m 215 |[39m         [33m.[39msend({[0m

      at it (__tests__/auth.test.js:212:5)
      at describe (__tests__/auth.test.js:140:3)
      at Object.describe (__tests__/auth.test.js:14:1)

  ÔùÅ Auth Routes ÔÇ║ POST /api/login ÔÇ║ deber├¡a incluir expiraci├│n en la 
sesi├│n

    thrown: "Exceeded timeout of 20000 ms for a test.
    Add a timeout value to this test to increase the timeout, if this is a 
long-running test. See https://jestjs.io/docs/api#testname-fn-timeout."

    [0m [90m 229 |[39m     }[33m,[39m [35m20000[39m)[33m;[39m
     [90m 230 |[39m
    [31m[1m>[22m[39m[90m 231 |[39m     it([32m'deber├¡a incluir 
expiraci├│n en la sesi├│n'[39m[33m,[39m [36masync[39m () [33m=>[39m {
     [90m     |[39m     [31m[1m^[22m[39m
     [90m 232 |[39m       [36mawait[39m request(app)
     [90m 233 |[39m         [33m.[39mpost([32m'/api/login'[39m)
     [90m 234 |[39m         [33m.[39msend({[0m

      at it (__tests__/auth.test.js:231:5)
      at describe (__tests__/auth.test.js:140:3)
      at Object.describe (__tests__/auth.test.js:14:1)

PASS __tests__/lockers.test.js
  Lockers Routes
    Validaci├│n de entrada
      ÔêÜ POST /lockers deber├¡a rechazar si falta el c├│digo (32 ms)
      ÔêÜ POST /lockers/assign deber├¡a rechazar si faltan lockerId o userId 
(12 ms)
      ÔêÜ POST /open-with-qr deber├¡a rechazar si faltan userId o token (14 ms)
    POST /api/lockers/assign - L├│gica de negocio
      ÔêÜ deber├¡a retornar ok: true cuando se asigna correctamente (13 ms)
    POST /api/lockers/open-with-qr - Validaci├│n de sesi├│n
      ÔêÜ deber├¡a rechazar sesi├│n inv├ílida (19 ms)
      ÔêÜ deber├¡a rechazar si no hay locker asignado (14 ms)
      ÔêÜ deber├¡a abrir locker con credenciales v├ílidas (14 ms)

PASS __tests__/userModel.test.js
  userModel - Validaciones e integraciones cr├¡ticas
    createUser - Validaci├│n de email ├║nico
      ÔêÜ deber├¡a rechazar usuario con email duplicado (5 ms)
      ÔêÜ deber├¡a permitir m├║ltiples usuarios con emails diferentes (4 ms)
    findByEmail - B├║squeda y recuperaci├│n
      ÔêÜ deber├¡a encontrar usuario por email (3 ms)
      ÔêÜ deber├¡a retornar null si no encuentra usuario (1 ms)
      ÔêÜ deber├¡a retornar la contrase├▒a hasheada (1 ms)
    findById - B├║squeda por ID
      ÔêÜ deber├¡a retornar null si usuario no existe (2 ms)
      ÔêÜ deber├¡a llamar a db.get con el ID correcto (9 ms)
    Protecci├│n de datos sensibles
      ÔêÜ findById no deber├¡a retornar la contrase├▒a (2 ms)
    Integraci├│n con base de datos
      ÔêÜ deber├¡a llamar a db.run para INSERT (1 ms)
      ÔêÜ deber├¡a llamar a db.get para SELECT en findByEmail (1 ms)

---------------|---------|----------|---------|---------|-------------------------------------
File           | % Stmts | % Branch | % Funcs | % Lines | Uncovered Line #s                   
---------------|---------|----------|---------|---------|-------------------------------------
All files      |   53.09 |    48.45 |   51.16 |   57.23 |                                     
 src           |       0 |        0 |       0 |       0 |                                     
  db.js        |       0 |        0 |       0 |       0 | 2-60                                
 src/models    |     100 |      100 |     100 |     100 |                                     
  userModel.js |     100 |      100 |     100 |     100 |                                     
 src/routes    |   54.97 |    48.38 |   48.64 |   60.58 |                                     
  auth.js      |   59.57 |     50.9 |   57.89 |   68.05 | 79-81,97-141,147-154                
  lockers.js   |   56.71 |    47.22 |   43.75 |   60.71 | 9-11,20-22,50-60,92-103,110,130-147 
  logs.js      |       0 |        0 |       0 |       0 | 2-28                                
---------------|---------|----------|---------|---------|-------------------------------------
Jest: "global" coverage threshold for branches (50%) not met: 48.45%
Test Suites: 1 failed, 2 passed, 3 total
Tests:       3 failed, 28 passed, 31 total
Snapshots:   0 total
Time:        63.628 s, estimated 64 s
Ran all test suites.

Jest has detected the following 3 open handles potentially keeping Jest from 
exiting:

  ÔùÅ  TCPSERVERWRAP

    [0m [90m 160 |[39m     it([32m'deber├¡a hacer login con credenciales 
correctas'[39m[33m,[39m [36masync[39m () [33m=>[39m {
     [90m 161 |[39m       [36mconst[39m response [33m=[39m 
[36mawait[39m request(app)
    [31m[1m>[22m[39m[90m 162 |[39m         
[33m.[39mpost([32m'/api/login'[39m)
     [90m     |[39m          [31m[1m^[22m[39m
     [90m 163 |[39m         [33m.[39msend({
     [90m 164 |[39m           email[33m:[39m 
testUser[33m.[39memail[33m,[39m
     [90m 165 |[39m           password[33m:[39m 
testUser[33m.[39mpassword[0m

      at Test.serverAddress (node_modules/supertest/lib/test.js:63:35)
      at new Test (node_modules/supertest/lib/test.js:49:14)
      at Object.obj.<computed> [as post] 
(node_modules/supertest/index.js:40:18)
      at Object.post (__tests__/auth.test.js:162:10)


  ÔùÅ  TCPSERVERWRAP

    [0m [90m 212 |[39m     it([32m'deber├¡a crear nueva sesi├│n en cada 
login'[39m[33m,[39m [36masync[39m () [33m=>[39m {
     [90m 213 |[39m       [36mconst[39m firstLogin [33m=[39m 
[36mawait[39m request(app)
    [31m[1m>[22m[39m[90m 214 |[39m         
[33m.[39mpost([32m'/api/login'[39m)
     [90m     |[39m          [31m[1m^[22m[39m
     [90m 215 |[39m         [33m.[39msend({
     [90m 216 |[39m           email[33m:[39m 
testUser[33m.[39memail[33m,[39m
     [90m 217 |[39m           password[33m:[39m 
testUser[33m.[39mpassword[0m

      at Test.serverAddress (node_modules/supertest/lib/test.js:63:35)
      at new Test (node_modules/supertest/lib/test.js:49:14)
      at Object.obj.<computed> [as post] 
(node_modules/supertest/index.js:40:18)
      at Object.post (__tests__/auth.test.js:214:10)


  ÔùÅ  TCPSERVERWRAP

    [0m [90m 231 |[39m     it([32m'deber├¡a incluir expiraci├│n en la 
sesi├│n'[39m[33m,[39m [36masync[39m () [33m=>[39m {
     [90m 232 |[39m       [36mawait[39m request(app)
    [31m[1m>[22m[39m[90m 233 |[39m         
[33m.[39mpost([32m'/api/login'[39m)
     [90m     |[39m          [31m[1m^[22m[39m
     [90m 234 |[39m         [33m.[39msend({
     [90m 235 |[39m           email[33m:[39m 
testUser[33m.[39memail[33m,[39m
     [90m 236 |[39m           password[33m:[39m 
testUser[33m.[39mpassword[0m

      at Test.serverAddress (node_modules/supertest/lib/test.js:63:35)
      at new Test (node_modules/supertest/lib/test.js:49:14)
      at Object.obj.<computed> [as post] 
(node_modules/supertest/index.js:40:18)
      at Object.post (__tests__/auth.test.js:233:10)

